Godot Engine v4.7.1.stable.official.a13da4feb - https://godotengine.org

ERROR: Failed to read the root certificate store.
   at: get_system_ca_certificates (platform/windows/os_windows.cpp:2582)
Unable to open Android 'build-tools' directory.
[   0% ] first_scan_filesystem | Started Project initialization (5 steps)
[   0% ] first_scan_filesystem | Scanning file structure...
[  16% ] first_scan_filesystem | Loading global class names...
[  33% ] first_scan_filesystem | Verifying GDExtensions...
[  50% ] first_scan_filesystem | Creating autoload scripts...
[  66% ] first_scan_filesystem | Initializing plugins...
[  83% ] first_scan_filesystem | Starting file scan...
[ DONE ] first_scan_filesystem

[   0% ] update_scripts_classes | Started Registering global classes... (2 steps)
[   0% ] update_scripts_classes | 
[  33% ] update_scripts_classes | 
[ DONE ] update_scripts_classes

[   0% ] _update_scan_actions | Started Scanning actions... (3 steps)
[   0% ] _update_scan_actions | cocoa_landscape_v2.png
[  25% ] _update_scan_actions | honeydew_landscape_v2.png
[  50% ] _update_scan_actions | sugar_landscape.png
[ DONE ] _update_scan_actions

[   0% ] reimport | Started (Re)Importing Assets (3 steps)
[   0% ] reimport | Preparing files to reimport...
[  25% ] reimport | Preparing files to reimport...
[  50% ] reimport | Preparing files to reimport...
[   0% ] reimport | Executing pre-reimport operations...
[   0% ] reimport | cocoa_landscape_v2.png
[  25% ] reimport | honeydew_landscape_v2.png
[  50% ] reimport | sugar_landscape.png
[  75% ] reimport | Finalizing Asset Import...
[ DONE ] reimport

[   0% ] reimport | Started (Re)Importing Assets (3 steps)
[   0% ] reimport | Executing post-reimport operations...
[ DONE ] reimport

[   0% ] loading_editor_layout | Started Loading editor (5 steps)
[   0% ] loading_editor_layout | Loading editor layout...
[  16% ] loading_editor_layout | Loading docks...
[  33% ] loading_editor_layout | Reopening scenes...
[  50% ] loading_editor_layout | Loading central editor layout...
[  66% ] loading_editor_layout | Loading plugin window layout...
[  83% ] loading_editor_layout | Editor layout ready.
[ DONE ] loading_editor_layout

ERROR: Could not create child process: C:\Users\darkm\AppData\Local\Android\Sdk\platform-tools\adb.exe kill-server
   at: execute (platform/windows/os_windows.cpp:1495)
