Godot Engine v4.7.1.stable.official.a13da4feb - https://godotengine.org

ERROR: Failed to read the root certificate store.
   at: get_system_ca_certificates (platform/windows/os_windows.cpp:2582)
PORTRAIT [X: (1.22, 0.0, 0.0), Y: (0.0, 1.22, 0.0), Z: (0.0, 0.0, 1.22), O: (0.0, 0.0, 0.0)]
_MeshInstance3D_1934 [X: (0.5, 0.0, 0.0), Y: (0.0, 0.49, 0.0), Z: (0.0, 0.0, 0.44), O: (0.0, 0.0, 0.0)]
_MeshInstance3D_1936 [X: (0.52, 0.0, 0.0), Y: (0.0, 0.3, 0.0), Z: (0.0, 0.0, 0.46), O: (0.0, 0.13, -0.025)]
EyeLeft [X: (0.068, 0.0, 0.0), Y: (0.0, 0.1, 0.0), Z: (0.0, 0.0, 0.025), O: (-0.09, 0.005, 0.212)]
GlintLeft [X: (0.022, 0.0, 0.0), Y: (0.0, 0.022, 0.0), Z: (0.0, 0.0, 0.022), O: (-0.102, 0.025, 0.23)]
_MeshInstance3D_1942 [X: (0.08, 0.0, 0.0), Y: (0.0, 0.038, 0.0), Z: (0.0, 0.0, 0.019), O: (-0.16, -0.06, 0.205)]
_MeshInstance3D_1944 [X: (0.1, 0.0, 0.0), Y: (0.0, 0.14, 0.0), Z: (0.0, 0.0, 0.09), O: (-0.23, 0.02, 0.0)]
EyeRight [X: (0.068, 0.0, 0.0), Y: (0.0, 0.1, 0.0), Z: (0.0, 0.0, 0.025), O: (0.09, 0.005, 0.212)]
GlintRight [X: (0.022, 0.0, 0.0), Y: (0.0, 0.022, 0.0), Z: (0.0, 0.0, 0.022), O: (0.078, 0.025, 0.23)]
_MeshInstance3D_1950 [X: (0.08, 0.0, 0.0), Y: (0.0, 0.038, 0.0), Z: (0.0, 0.0, 0.019), O: (0.16, -0.06, 0.205)]
_MeshInstance3D_1952 [X: (0.1, 0.0, 0.0), Y: (0.0, 0.14, 0.0), Z: (0.0, 0.0, 0.09), O: (0.23, 0.02, 0.0)]
Mouth [X: (0.055, 0.0, 0.0), Y: (0.0, 0.02, 0.0), Z: (0.0, 0.0, 0.015), O: (0.0, -0.085, 0.219)]
_MeshInstance3D_1956 [X: (1.0, 0.0, 0.0), Y: (0.0, 1.0, 0.0), Z: (0.0, 0.0, 1.0), O: (0.0, 0.27, 0.0)]
_MeshInstance3D_1958 [X: (0.26, 0.0, 0.0), Y: (0.0, 0.27, 0.0), Z: (0.0, 0.0, 0.28), O: (-0.13, 0.4, 0.0)]
_MeshInstance3D_1960 [X: (0.26, 0.0, 0.0), Y: (0.0, 0.27, 0.0), Z: (0.0, 0.0, 0.28), O: (0.0, 0.4, 0.0)]
_MeshInstance3D_1962 [X: (0.26, 0.0, 0.0), Y: (0.0, 0.27, 0.0), Z: (0.0, 0.0, 0.28), O: (0.13, 0.4, 0.0)]
PlayerPortrait Node3D
@Camera3D@2178 Camera3D
@DirectionalLight3D@2179 DirectionalLight3D
@WorldEnvironment@2180 WorldEnvironment
