Godot Engine v4.7.1.stable.official.a13da4feb - https://godotengine.org

ERROR: Failed to read the root certificate store.
   at: get_system_ca_certificates (platform/windows/os_windows.cpp:2582)
ERROR: Machine starts with ingredients
   at: push_error (core/variant/variant_utility.cpp:1023)
   GDScript backtrace (most recent call first):
       [0] check (res://tests/check_machine_jobs.gd:8)
       [1] run (res://tests/check_machine_jobs.gd:22)
ERROR: Ingredients consumed exactly once
   at: push_error (core/variant/variant_utility.cpp:1023)
   GDScript backtrace (most recent call first):
       [0] check (res://tests/check_machine_jobs.gd:8)
       [1] run (res://tests/check_machine_jobs.gd:28)
ERROR: Ingredients consumed exactly once
   at: push_error (core/variant/variant_utility.cpp:1023)
   GDScript backtrace (most recent call first):
       [0] check (res://tests/check_machine_jobs.gd:8)
       [1] run (res://tests/check_machine_jobs.gd:28)
ERROR: Ingredients consumed exactly once
   at: push_error (core/variant/variant_utility.cpp:1023)
   GDScript backtrace (most recent call first):
       [0] check (res://tests/check_machine_jobs.gd:8)
       [1] run (res://tests/check_machine_jobs.gd:28)
ERROR: Machine job survives reload
   at: push_error (core/variant/variant_utility.cpp:1023)
   GDScript backtrace (most recent call first):
       [0] check (res://tests/check_machine_jobs.gd:8)
       [1] run (res://tests/check_machine_jobs.gd:31)
SCRIPT ERROR: Invalid access to property or key 'quantity' on a base object of type 'Dictionary'.
   at: collect_batch (res://scripts/core/cafe_progress.gd:189)
   GDScript backtrace (most recent call first):
       [0] collect_batch (res://scripts/core/cafe_progress.gd:189)
       [1] run (res://tests/check_machine_jobs.gd:35)
ERROR: Ready batch can be collected
   at: push_error (core/variant/variant_utility.cpp:1023)
   GDScript backtrace (most recent call first):
       [0] check (res://tests/check_machine_jobs.gd:8)
       [1] run (res://tests/check_machine_jobs.gd:35)
ERROR: Collection stocks entire batch
   at: push_error (core/variant/variant_utility.cpp:1023)
   GDScript backtrace (most recent call first):
       [0] check (res://tests/check_machine_jobs.gd:8)
       [1] run (res://tests/check_machine_jobs.gd:36)
SCRIPT ERROR: Invalid access to property or key 'quantity' on a base object of type 'Dictionary'.
   at: collect_batch (res://scripts/core/cafe_progress.gd:189)
   GDScript backtrace (most recent call first):
       [0] collect_batch (res://scripts/core/cafe_progress.gd:189)
       [1] run (res://tests/check_machine_jobs.gd:37)
ERROR: Displayed product can be purchased
   at: push_error (core/variant/variant_utility.cpp:1023)
   GDScript backtrace (most recent call first):
       [0] check (res://tests/check_machine_jobs.gd:8)
       [1] run (res://tests/check_machine_jobs.gd:38)
ERROR: Customer buys exactly one
   at: push_error (core/variant/variant_utility.cpp:1023)
   GDScript backtrace (most recent call first):
       [0] check (res://tests/check_machine_jobs.gd:8)
       [1] run (res://tests/check_machine_jobs.gd:39)
ERROR: Machine starts with ingredients
   at: push_error (core/variant/variant_utility.cpp:1023)
   GDScript backtrace (most recent call first):
       [0] check (res://tests/check_machine_jobs.gd:8)
       [1] run (res://tests/check_machine_jobs.gd:22)
ERROR: Ingredients consumed exactly once
   at: push_error (core/variant/variant_utility.cpp:1023)
   GDScript backtrace (most recent call first):
       [0] check (res://tests/check_machine_jobs.gd:8)
       [1] run (res://tests/check_machine_jobs.gd:28)
ERROR: Ingredients consumed exactly once
   at: push_error (core/variant/variant_utility.cpp:1023)
   GDScript backtrace (most recent call first):
       [0] check (res://tests/check_machine_jobs.gd:8)
       [1] run (res://tests/check_machine_jobs.gd:28)
ERROR: Ingredients consumed exactly once
   at: push_error (core/variant/variant_utility.cpp:1023)
   GDScript backtrace (most recent call first):
       [0] check (res://tests/check_machine_jobs.gd:8)
       [1] run (res://tests/check_machine_jobs.gd:28)
ERROR: Machine job survives reload
   at: push_error (core/variant/variant_utility.cpp:1023)
   GDScript backtrace (most recent call first):
       [0] check (res://tests/check_machine_jobs.gd:8)
       [1] run (res://tests/check_machine_jobs.gd:31)
SCRIPT ERROR: Invalid access to property or key 'quantity' on a base object of type 'Dictionary'.
   at: collect_batch (res://scripts/core/cafe_progress.gd:189)
   GDScript backtrace (most recent call first):
       [0] collect_batch (res://scripts/core/cafe_progress.gd:189)
       [1] run (res://tests/check_machine_jobs.gd:35)
ERROR: Ready batch can be collected
   at: push_error (core/variant/variant_utility.cpp:1023)
   GDScript backtrace (most recent call first):
       [0] check (res://tests/check_machine_jobs.gd:8)
       [1] run (res://tests/check_machine_jobs.gd:35)
ERROR: Collection stocks entire batch
   at: push_error (core/variant/variant_utility.cpp:1023)
   GDScript backtrace (most recent call first):
       [0] check (res://tests/check_machine_jobs.gd:8)
       [1] run (res://tests/check_machine_jobs.gd:36)
SCRIPT ERROR: Invalid access to property or key 'quantity' on a base object of type 'Dictionary'.
   at: collect_batch (res://scripts/core/cafe_progress.gd:189)
   GDScript backtrace (most recent call first):
       [0] collect_batch (res://scripts/core/cafe_progress.gd:189)
       [1] run (res://tests/check_machine_jobs.gd:37)
ERROR: Displayed product can be purchased
   at: push_error (core/variant/variant_utility.cpp:1023)
   GDScript backtrace (most recent call first):
       [0] check (res://tests/check_machine_jobs.gd:8)
       [1] run (res://tests/check_machine_jobs.gd:38)
ERROR: Customer buys exactly one
   at: push_error (core/variant/variant_utility.cpp:1023)
   GDScript backtrace (most recent call first):
       [0] check (res://tests/check_machine_jobs.gd:8)
       [1] run (res://tests/check_machine_jobs.gd:39)
ERROR: Machine starts with ingredients
   at: push_error (core/variant/variant_utility.cpp:1023)
   GDScript backtrace (most recent call first):
       [0] check (res://tests/check_machine_jobs.gd:8)
       [1] run (res://tests/check_machine_jobs.gd:22)
ERROR: Ingredients consumed exactly once
   at: push_error (core/variant/variant_utility.cpp:1023)
   GDScript backtrace (most recent call first):
       [0] check (res://tests/check_machine_jobs.gd:8)
       [1] run (res://tests/check_machine_jobs.gd:28)
ERROR: Ingredients consumed exactly once
   at: push_error (core/variant/variant_utility.cpp:1023)
   GDScript backtrace (most recent call first):
       [0] check (res://tests/check_machine_jobs.gd:8)
       [1] run (res://tests/check_machine_jobs.gd:28)
ERROR: Ingredients consumed exactly once
   at: push_error (core/variant/variant_utility.cpp:1023)
   GDScript backtrace (most recent call first):
       [0] check (res://tests/check_machine_jobs.gd:8)
       [1] run (res://tests/check_machine_jobs.gd:28)
ERROR: Machine job survives reload
   at: push_error (core/variant/variant_utility.cpp:1023)
   GDScript backtrace (most recent call first):
       [0] check (res://tests/check_machine_jobs.gd:8)
       [1] run (res://tests/check_machine_jobs.gd:31)
SCRIPT ERROR: Invalid access to property or key 'quantity' on a base object of type 'Dictionary'.
   at: collect_batch (res://scripts/core/cafe_progress.gd:189)
   GDScript backtrace (most recent call first):
       [0] collect_batch (res://scripts/core/cafe_progress.gd:189)
       [1] run (res://tests/check_machine_jobs.gd:35)
ERROR: Ready batch can be collected
   at: push_error (core/variant/variant_utility.cpp:1023)
   GDScript backtrace (most recent call first):
       [0] check (res://tests/check_machine_jobs.gd:8)
       [1] run (res://tests/check_machine_jobs.gd:35)
ERROR: Collection stocks entire batch
   at: push_error (core/variant/variant_utility.cpp:1023)
   GDScript backtrace (most recent call first):
       [0] check (res://tests/check_machine_jobs.gd:8)
       [1] run (res://tests/check_machine_jobs.gd:36)
SCRIPT ERROR: Invalid access to property or key 'quantity' on a base object of type 'Dictionary'.
   at: collect_batch (res://scripts/core/cafe_progress.gd:189)
   GDScript backtrace (most recent call first):
       [0] collect_batch (res://scripts/core/cafe_progress.gd:189)
       [1] run (res://tests/check_machine_jobs.gd:37)
ERROR: Displayed product can be purchased
   at: push_error (core/variant/variant_utility.cpp:1023)
   GDScript backtrace (most recent call first):
       [0] check (res://tests/check_machine_jobs.gd:8)
       [1] run (res://tests/check_machine_jobs.gd:38)
ERROR: Customer buys exactly one
   at: push_error (core/variant/variant_utility.cpp:1023)
   GDScript backtrace (most recent call first):
       [0] check (res://tests/check_machine_jobs.gd:8)
       [1] run (res://tests/check_machine_jobs.gd:39)
ERROR: Machine starts with ingredients
   at: push_error (core/variant/variant_utility.cpp:1023)
   GDScript backtrace (most recent call first):
       [0] check (res://tests/check_machine_jobs.gd:8)
       [1] run (res://tests/check_machine_jobs.gd:22)
ERROR: Ingredients consumed exactly once
   at: push_error (core/variant/variant_utility.cpp:1023)
   GDScript backtrace (most recent call first):
       [0] check (res://tests/check_machine_jobs.gd:8)
       [1] run (res://tests/check_machine_jobs.gd:28)
ERROR: Ingredients consumed exactly once
   at: push_error (core/variant/variant_utility.cpp:1023)
   GDScript backtrace (most recent call first):
       [0] check (res://tests/check_machine_jobs.gd:8)
       [1] run (res://tests/check_machine_jobs.gd:28)
ERROR: Ingredients consumed exactly once
   at: push_error (core/variant/variant_utility.cpp:1023)
   GDScript backtrace (most recent call first):
       [0] check (res://tests/check_machine_jobs.gd:8)
       [1] run (res://tests/check_machine_jobs.gd:28)
ERROR: Machine job survives reload
   at: push_error (core/variant/variant_utility.cpp:1023)
   GDScript backtrace (most recent call first):
       [0] check (res://tests/check_machine_jobs.gd:8)
       [1] run (res://tests/check_machine_jobs.gd:31)
SCRIPT ERROR: Invalid access to property or key 'quantity' on a base object of type 'Dictionary'.
   at: collect_batch (res://scripts/core/cafe_progress.gd:189)
   GDScript backtrace (most recent call first):
       [0] collect_batch (res://scripts/core/cafe_progress.gd:189)
       [1] run (res://tests/check_machine_jobs.gd:35)
ERROR: Ready batch can be collected
   at: push_error (core/variant/variant_utility.cpp:1023)
   GDScript backtrace (most recent call first):
       [0] check (res://tests/check_machine_jobs.gd:8)
       [1] run (res://tests/check_machine_jobs.gd:35)
ERROR: Collection stocks entire batch
   at: push_error (core/variant/variant_utility.cpp:1023)
   GDScript backtrace (most recent call first):
       [0] check (res://tests/check_machine_jobs.gd:8)
       [1] run (res://tests/check_machine_jobs.gd:36)
SCRIPT ERROR: Invalid access to property or key 'quantity' on a base object of type 'Dictionary'.
   at: collect_batch (res://scripts/core/cafe_progress.gd:189)
   GDScript backtrace (most recent call first):
       [0] collect_batch (res://scripts/core/cafe_progress.gd:189)
       [1] run (res://tests/check_machine_jobs.gd:37)
ERROR: Displayed product can be purchased
   at: push_error (core/variant/variant_utility.cpp:1023)
   GDScript backtrace (most recent call first):
       [0] check (res://tests/check_machine_jobs.gd:8)
       [1] run (res://tests/check_machine_jobs.gd:38)
ERROR: Customer buys exactly one
   at: push_error (core/variant/variant_utility.cpp:1023)
   GDScript backtrace (most recent call first):
       [0] check (res://tests/check_machine_jobs.gd:8)
       [1] run (res://tests/check_machine_jobs.gd:39)
ERROR: Machine starts with ingredients
   at: push_error (core/variant/variant_utility.cpp:1023)
   GDScript backtrace (most recent call first):
       [0] check (res://tests/check_machine_jobs.gd:8)
       [1] run (res://tests/check_machine_jobs.gd:22)
ERROR: Ingredients consumed exactly once
   at: push_error (core/variant/variant_utility.cpp:1023)
   GDScript backtrace (most recent call first):
       [0] check (res://tests/check_machine_jobs.gd:8)
       [1] run (res://tests/check_machine_jobs.gd:28)
ERROR: Ingredients consumed exactly once
   at: push_error (core/variant/variant_utility.cpp:1023)
   GDScript backtrace (most recent call first):
       [0] check (res://tests/check_machine_jobs.gd:8)
       [1] run (res://tests/check_machine_jobs.gd:28)
ERROR: Ingredients consumed exactly once
   at: push_error (core/variant/variant_utility.cpp:1023)
   GDScript backtrace (most recent call first):
       [0] check (res://tests/check_machine_jobs.gd:8)
       [1] run (res://tests/check_machine_jobs.gd:28)
ERROR: Machine job survives reload
   at: push_error (core/variant/variant_utility.cpp:1023)
   GDScript backtrace (most recent call first):
       [0] check (res://tests/check_machine_jobs.gd:8)
       [1] run (res://tests/check_machine_jobs.gd:31)
SCRIPT ERROR: Invalid access to property or key 'quantity' on a base object of type 'Dictionary'.
   at: collect_batch (res://scripts/core/cafe_progress.gd:189)
   GDScript backtrace (most recent call first):
       [0] collect_batch (res://scripts/core/cafe_progress.gd:189)
       [1] run (res://tests/check_machine_jobs.gd:35)
ERROR: Ready batch can be collected
   at: push_error (core/variant/variant_utility.cpp:1023)
   GDScript backtrace (most recent call first):
       [0] check (res://tests/check_machine_jobs.gd:8)
       [1] run (res://tests/check_machine_jobs.gd:35)
ERROR: Collection stocks entire batch
   at: push_error (core/variant/variant_utility.cpp:1023)
   GDScript backtrace (most recent call first):
       [0] check (res://tests/check_machine_jobs.gd:8)
       [1] run (res://tests/check_machine_jobs.gd:36)
SCRIPT ERROR: Invalid access to property or key 'quantity' on a base object of type 'Dictionary'.
   at: collect_batch (res://scripts/core/cafe_progress.gd:189)
   GDScript backtrace (most recent call first):
       [0] collect_batch (res://scripts/core/cafe_progress.gd:189)
       [1] run (res://tests/check_machine_jobs.gd:37)
ERROR: Displayed product can be purchased
   at: push_error (core/variant/variant_utility.cpp:1023)
   GDScript backtrace (most recent call first):
       [0] check (res://tests/check_machine_jobs.gd:8)
       [1] run (res://tests/check_machine_jobs.gd:38)
ERROR: Customer buys exactly one
   at: push_error (core/variant/variant_utility.cpp:1023)
   GDScript backtrace (most recent call first):
       [0] check (res://tests/check_machine_jobs.gd:8)
       [1] run (res://tests/check_machine_jobs.gd:39)
Machine jobs: 45 failures
