Godot Engine v4.7.1.stable.official.a13da4feb - https://godotengine.org

ERROR: Failed to read the root certificate store.
   at: get_system_ca_certificates (platform/windows/os_windows.cpp:2582)
FIXED ROOT: @DirectionalLight3D@8  type=DirectionalLight3D children=0
FIXED ROOT: @DirectionalLight3D@9  type=DirectionalLight3D children=0
FIXED ROOT: @Camera3D@10  type=Camera3D children=0
FIXED ROOT: Neighborhood  type=Node3D children=269
FIXED ROOT: @MeshInstance3D@1641  type=MeshInstance3D children=1
FIXED ROOT: @MeshInstance3D@1643  type=MeshInstance3D children=1
FIXED ROOT: @MeshInstance3D@1645  type=MeshInstance3D children=1
FIXED ROOT: @MeshInstance3D@1647  type=MeshInstance3D children=1
FIXED ROOT: @MeshInstance3D@1649  type=MeshInstance3D children=1
FIXED ROOT: @MeshInstance3D@1651  type=MeshInstance3D children=1
FIXED ROOT: @MeshInstance3D@1653  type=MeshInstance3D children=1
FIXED ROOT: @MeshInstance3D@1655  type=MeshInstance3D children=1
FIXED ROOT: @MeshInstance3D@1657  type=MeshInstance3D children=1
FIXED ROOT: @MeshInstance3D@1659  type=MeshInstance3D children=1
FIXED ROOT: @MeshInstance3D@1661  type=MeshInstance3D children=1
FIXED ROOT: @MeshInstance3D@1663  type=MeshInstance3D children=1
FIXED ROOT: @MeshInstance3D@1665  type=MeshInstance3D children=1
FIXED ROOT: @MeshInstance3D@1667  type=MeshInstance3D children=1
FIXED ROOT: @MeshInstance3D@1669  type=MeshInstance3D children=1
FIXED ROOT: @MeshInstance3D@1671  type=MeshInstance3D children=1
FIXED ROOT: @MeshInstance3D@1673  type=MeshInstance3D children=1
FIXED ROOT: @MeshInstance3D@1675  type=MeshInstance3D children=1
FIXED ROOT: @MeshInstance3D@1677  type=MeshInstance3D children=1
FIXED ROOT: @MeshInstance3D@1679  type=MeshInstance3D children=1
FIXED ROOT: @MeshInstance3D@1681  type=MeshInstance3D children=1
FIXED ROOT: @MeshInstance3D@1683  type=MeshInstance3D children=1
FIXED ROOT: @MeshInstance3D@1685  type=MeshInstance3D children=1
FIXED ROOT: @MeshInstance3D@1687  type=MeshInstance3D children=1
FIXED ROOT: @MeshInstance3D@1689  type=MeshInstance3D children=1
FIXED ROOT: @MeshInstance3D@1691  type=MeshInstance3D children=1
FIXED ROOT: @MeshInstance3D@1693  type=MeshInstance3D children=1
FIXED ROOT: @MeshInstance3D@1695  type=MeshInstance3D children=1
FIXED ROOT: @MeshInstance3D@1697  type=MeshInstance3D children=1
FIXED ROOT: @MeshInstance3D@1699  type=MeshInstance3D children=1
FIXED ROOT: @MeshInstance3D@1701  type=MeshInstance3D children=1
FIXED ROOT: @MeshInstance3D@1703  type=MeshInstance3D children=1
FIXED ROOT: @MeshInstance3D@1705  type=MeshInstance3D children=1
FIXED ROOT: @MeshInstance3D@1707  type=MeshInstance3D children=1
FIXED ROOT: @MeshInstance3D@1709  type=MeshInstance3D children=1
FIXED ROOT: @MeshInstance3D@1711  type=MeshInstance3D children=1
FIXED ROOT: @MeshInstance3D@1713  type=MeshInstance3D children=1
FIXED ROOT: @MeshInstance3D@1715  type=MeshInstance3D children=1
FIXED ROOT: @MeshInstance3D@1717  type=MeshInstance3D children=1
FIXED ROOT: @MeshInstance3D@1719  type=MeshInstance3D children=1
FIXED ROOT: @MeshInstance3D@1721  type=MeshInstance3D children=1
FIXED ROOT: @MeshInstance3D@1723  type=MeshInstance3D children=1
FIXED ROOT: @MeshInstance3D@1725  type=MeshInstance3D children=1
FIXED ROOT: @MeshInstance3D@1727  type=MeshInstance3D children=1
FIXED ROOT: @MeshInstance3D@1729  type=MeshInstance3D children=1
FIXED ROOT: @MeshInstance3D@1731  type=MeshInstance3D children=1
FIXED ROOT: @MeshInstance3D@1733  type=MeshInstance3D children=1
FIXED ROOT: @MeshInstance3D@1735  type=MeshInstance3D children=1
FIXED ROOT: @MeshInstance3D@1737  type=MeshInstance3D children=1
FIXED ROOT: @MeshInstance3D@1739  type=MeshInstance3D children=1
FIXED ROOT: @MeshInstance3D@1741  type=MeshInstance3D children=1
FIXED ROOT: @MeshInstance3D@1743  type=MeshInstance3D children=1
FIXED ROOT: @MeshInstance3D@1745  type=MeshInstance3D children=1
FIXED ROOT: @MeshInstance3D@1747  type=MeshInstance3D children=1
FIXED ROOT: @MeshInstance3D@1749  type=MeshInstance3D children=1
FIXED ROOT: @MeshInstance3D@1751  type=MeshInstance3D children=1
FIXED ROOT: @MeshInstance3D@1753  type=MeshInstance3D children=1
FIXED ROOT: @MeshInstance3D@1755  type=MeshInstance3D children=1
FIXED ROOT: @MeshInstance3D@1757  type=MeshInstance3D children=1
FIXED ROOT: @MeshInstance3D@1759  type=MeshInstance3D children=1
FIXED ROOT: @MeshInstance3D@1761  type=MeshInstance3D children=1
FIXED ROOT: @MeshInstance3D@1763  type=MeshInstance3D children=1
FIXED ROOT: @MeshInstance3D@1765  type=MeshInstance3D children=1
FIXED ROOT: @MeshInstance3D@1767  type=MeshInstance3D children=1
FIXED ROOT: @MeshInstance3D@1769  type=MeshInstance3D children=1
FIXED ROOT: @MeshInstance3D@1771  type=MeshInstance3D children=1
FIXED ROOT: @MeshInstance3D@1773  type=MeshInstance3D children=1
FIXED ROOT: @MeshInstance3D@1775  type=MeshInstance3D children=1
FIXED ROOT: @MeshInstance3D@1777  type=MeshInstance3D children=1
FIXED ROOT: @MeshInstance3D@1779  type=MeshInstance3D children=1
FIXED ROOT: @MeshInstance3D@1781  type=MeshInstance3D children=1
FIXED ROOT: @MeshInstance3D@1783  type=MeshInstance3D children=1
FIXED ROOT: @MeshInstance3D@1785  type=MeshInstance3D children=1
FIXED ROOT: @MeshInstance3D@1787  type=MeshInstance3D children=1
FIXED ROOT: @MeshInstance3D@1789  type=MeshInstance3D children=1
FIXED ROOT: @MeshInstance3D@1791  type=MeshInstance3D children=1
FIXED ROOT: @MeshInstance3D@1793  type=MeshInstance3D children=1
FIXED ROOT: @MeshInstance3D@1795  type=MeshInstance3D children=1
FIXED ROOT: @MeshInstance3D@1797  type=MeshInstance3D children=1
FIXED ROOT: @MeshInstance3D@1799  type=MeshInstance3D children=1
FIXED ROOT: @MeshInstance3D@1801  type=MeshInstance3D children=1
FIXED ROOT: @MeshInstance3D@1803  type=MeshInstance3D children=1
FIXED ROOT: @MeshInstance3D@1805  type=MeshInstance3D children=1
FIXED ROOT: @MeshInstance3D@1807  type=MeshInstance3D children=1
FIXED ROOT: @MeshInstance3D@1809  type=MeshInstance3D children=1
FIXED ROOT: @MeshInstance3D@1811  type=MeshInstance3D children=1
FIXED ROOT: @MeshInstance3D@1813  type=MeshInstance3D children=1
FIXED ROOT: @MeshInstance3D@1815  type=MeshInstance3D children=1
FIXED ROOT: @MeshInstance3D@1817  type=MeshInstance3D children=1
FIXED ROOT: @MeshInstance3D@1819  type=MeshInstance3D children=1
FIXED ROOT: @MeshInstance3D@1821  type=MeshInstance3D children=1
FIXED ROOT: @MeshInstance3D@1823  type=MeshInstance3D children=1
FIXED ROOT: @MeshInstance3D@1825  type=MeshInstance3D children=1
FIXED ROOT: @MeshInstance3D@1827  type=MeshInstance3D children=1
FIXED ROOT: @MeshInstance3D@1829  type=MeshInstance3D children=1
FIXED ROOT: @MeshInstance3D@1831  type=MeshInstance3D children=1
FIXED ROOT: @MeshInstance3D@1833  type=MeshInstance3D children=1
FIXED ROOT: @MeshInstance3D@1835  type=MeshInstance3D children=1
FIXED ROOT: @MeshInstance3D@1837  type=MeshInstance3D children=1
FIXED ROOT: @MeshInstance3D@1839  type=MeshInstance3D children=1
FIXED ROOT: @MeshInstance3D@1841  type=MeshInstance3D children=1
FIXED ROOT: @MeshInstance3D@1843  type=MeshInstance3D children=1
FIXED ROOT: @MeshInstance3D@1845  type=MeshInstance3D children=1
FIXED ROOT: @MeshInstance3D@1847  type=MeshInstance3D children=1
FIXED ROOT: @MeshInstance3D@1849  type=MeshInstance3D children=1
FIXED ROOT: @MeshInstance3D@1851  type=MeshInstance3D children=1
FIXED ROOT: @MeshInstance3D@1853  type=MeshInstance3D children=1
FIXED ROOT: @MeshInstance3D@1855  type=MeshInstance3D children=1
FIXED ROOT: @MeshInstance3D@1857  type=MeshInstance3D children=1
FIXED ROOT: @MeshInstance3D@1859  type=MeshInstance3D children=1
FIXED ROOT: @MeshInstance3D@1861  type=MeshInstance3D children=1
FIXED ROOT: @MeshInstance3D@1863  type=MeshInstance3D children=1
FIXED ROOT: @MeshInstance3D@1865  type=MeshInstance3D children=1
FIXED ROOT: @MeshInstance3D@1867  type=MeshInstance3D children=1
FIXED ROOT: @MeshInstance3D@1869  type=MeshInstance3D children=1
FIXED ROOT: @MeshInstance3D@1871  type=MeshInstance3D children=1
FIXED ROOT: @MeshInstance3D@1873  type=MeshInstance3D children=1
FIXED ROOT: @MeshInstance3D@1875  type=MeshInstance3D children=1
FIXED ROOT: @MeshInstance3D@1877  type=MeshInstance3D children=1
FIXED ROOT: @MeshInstance3D@1879  type=MeshInstance3D children=1
FIXED ROOT: @MeshInstance3D@1881  type=MeshInstance3D children=1
FIXED ROOT: @MeshInstance3D@1883  type=MeshInstance3D children=1
FIXED ROOT: @MeshInstance3D@1885  type=MeshInstance3D children=1
FIXED ROOT: @MeshInstance3D@1887  type=MeshInstance3D children=1
FIXED ROOT: @MeshInstance3D@1889  type=MeshInstance3D children=1
FIXED ROOT: @MeshInstance3D@1891  type=MeshInstance3D children=1
FIXED ROOT: @MeshInstance3D@1893  type=MeshInstance3D children=1
FIXED ROOT: @MeshInstance3D@1895  type=MeshInstance3D children=1
FIXED ROOT: @MeshInstance3D@1897  type=MeshInstance3D children=1
FIXED ROOT: @MeshInstance3D@1899  type=MeshInstance3D children=1
FIXED ROOT: @MeshInstance3D@1901  type=MeshInstance3D children=1
FIXED ROOT: @MeshInstance3D@1903  type=MeshInstance3D children=1
FIXED ROOT: @MeshInstance3D@1905  type=MeshInstance3D children=1
FIXED ROOT: @MeshInstance3D@1907  type=MeshInstance3D children=1
FIXED ROOT: @MeshInstance3D@1909  type=MeshInstance3D children=1
FIXED ROOT: @MeshInstance3D@1911  type=MeshInstance3D children=1
FIXED ROOT: @MeshInstance3D@1913  type=MeshInstance3D children=1
FIXED ROOT: @MeshInstance3D@1915  type=MeshInstance3D children=1
FIXED ROOT: OpenDoorway  type=Node3D children=6
FIXED ROOT: @MeshInstance3D@1929  type=MeshInstance3D children=1
FIXED ROOT: @MeshInstance3D@1931  type=MeshInstance3D children=1
FIXED ROOT: @MeshInstance3D@1933  type=MeshInstance3D children=1
FIXED ROOT: @MeshInstance3D@1935  type=MeshInstance3D children=1
FIXED ROOT: @MeshInstance3D@1937  type=MeshInstance3D children=1
FIXED ROOT: @MeshInstance3D@1939  type=MeshInstance3D children=1
FIXED ROOT: @MeshInstance3D@1941  type=MeshInstance3D children=1
FIXED ROOT: @MeshInstance3D@1943  type=MeshInstance3D children=1
FIXED ROOT: @MeshInstance3D@1945  type=MeshInstance3D children=1
FIXED ROOT: @MeshInstance3D@1947  type=MeshInstance3D children=1
FIXED ROOT: @MeshInstance3D@1949  type=MeshInstance3D children=1
FIXED ROOT: @MeshInstance3D@1951  type=MeshInstance3D children=1
FIXED ROOT: @MeshInstance3D@1953  type=MeshInstance3D children=1
FIXED ROOT: @MeshInstance3D@1955  type=MeshInstance3D children=1
FIXED ROOT: @MeshInstance3D@1957  type=MeshInstance3D children=1
FIXED ROOT: @MeshInstance3D@1959  type=MeshInstance3D children=1
FIXED ROOT: @MeshInstance3D@1961  type=MeshInstance3D children=1
FIXED ROOT: @MeshInstance3D@1963  type=MeshInstance3D children=1
FIXED ROOT: @MeshInstance3D@1965  type=MeshInstance3D children=1
FIXED ROOT: @MeshInstance3D@1967  type=MeshInstance3D children=1
FIXED ROOT: @MeshInstance3D@1969  type=MeshInstance3D children=1
FIXED ROOT: @MeshInstance3D@1971  type=MeshInstance3D children=1
FIXED ROOT: @MeshInstance3D@1973  type=MeshInstance3D children=1
FIXED ROOT: @MeshInstance3D@1975  type=MeshInstance3D children=1
FIXED ROOT: @MeshInstance3D@1977  type=MeshInstance3D children=1
FIXED ROOT: @MeshInstance3D@1979  type=MeshInstance3D children=1
FIXED ROOT: @MeshInstance3D@1981  type=MeshInstance3D children=1
FIXED ROOT: @MeshInstance3D@1983  type=MeshInstance3D children=1
FIXED ROOT: @MeshInstance3D@1985  type=MeshInstance3D children=1
FIXED ROOT: @MeshInstance3D@1987  type=MeshInstance3D children=1
FIXED ROOT: @MeshInstance3D@1989  type=MeshInstance3D children=1
FIXED ROOT: @MeshInstance3D@1991  type=MeshInstance3D children=1
FIXED ROOT: @MeshInstance3D@1993  type=MeshInstance3D children=1
FIXED ROOT: @MeshInstance3D@1995  type=MeshInstance3D children=1
FIXED ROOT: @MeshInstance3D@1997  type=MeshInstance3D children=1
FIXED ROOT: @MeshInstance3D@2008  type=MeshInstance3D children=1
FIXED ROOT: @MeshInstance3D@2010  type=MeshInstance3D children=1
FIXED ROOT: @MeshInstance3D@2012  type=MeshInstance3D children=1
FIXED ROOT: @MeshInstance3D@2014  type=MeshInstance3D children=1
FIXED ROOT: @MeshInstance3D@2016  type=MeshInstance3D children=1
FIXED ROOT: @MeshInstance3D@2018  type=MeshInstance3D children=1
FIXED ROOT: @MeshInstance3D@2020  type=MeshInstance3D children=1
FIXED ROOT: @MeshInstance3D@2721  type=MeshInstance3D children=1
FIXED ROOT: @MeshInstance3D@2723  type=MeshInstance3D children=1
FIXED ROOT: @MeshInstance3D@2725  type=MeshInstance3D children=1
FIXED ROOT: @MeshInstance3D@2727  type=MeshInstance3D children=1
FIXED ROOT: @MeshInstance3D@2729  type=MeshInstance3D children=1
FIXED ROOT: @MeshInstance3D@2731  type=MeshInstance3D children=1
FIXED ROOT: @MeshInstance3D@2733  type=MeshInstance3D children=1
FIXED ROOT: @MeshInstance3D@2735  type=MeshInstance3D children=1
FIXED ROOT: @MeshInstance3D@2737  type=MeshInstance3D children=1
FIXED ROOT: @MeshInstance3D@2739  type=MeshInstance3D children=1
FIXED ROOT: @MeshInstance3D@2741  type=MeshInstance3D children=1
FIXED ROOT: @MeshInstance3D@2743  type=MeshInstance3D children=1
FIXED ROOT: @MeshInstance3D@2745  type=MeshInstance3D children=1
FIXED ROOT: @MeshInstance3D@2747  type=MeshInstance3D children=1
FIXED ROOT: @MeshInstance3D@2749  type=MeshInstance3D children=1
FIXED ROOT: @MeshInstance3D@2751  type=MeshInstance3D children=1
FIXED ROOT: @MeshInstance3D@2753  type=MeshInstance3D children=1
FIXED ROOT: @MeshInstance3D@2755  type=MeshInstance3D children=1
FIXED ROOT: @MeshInstance3D@2757  type=MeshInstance3D children=1
FIXED ROOT: @MeshInstance3D@2759  type=MeshInstance3D children=1
FIXED ROOT: @MeshInstance3D@2761  type=MeshInstance3D children=1
FIXED ROOT: @MeshInstance3D@2763  type=MeshInstance3D children=1
FIXED ROOT: @MeshInstance3D@2765  type=MeshInstance3D children=1
FIXED ROOT: @MeshInstance3D@2767  type=MeshInstance3D children=1
FIXED ROOT: @MeshInstance3D@2769  type=MeshInstance3D children=1
FIXED ROOT: @MeshInstance3D@2771  type=MeshInstance3D children=1
FIXED ROOT: @MeshInstance3D@2773  type=MeshInstance3D children=1
FIXED ROOT: @MeshInstance3D@2775  type=MeshInstance3D children=1
FIXED ROOT: @MeshInstance3D@2777  type=MeshInstance3D children=1
FIXED ROOT: @MeshInstance3D@2779  type=MeshInstance3D children=1
FIXED ROOT: @MeshInstance3D@2781  type=MeshInstance3D children=1
FIXED ROOT: @MeshInstance3D@2783  type=MeshInstance3D children=1
FIXED ROOT: @MeshInstance3D@2785  type=MeshInstance3D children=1
FIXED ROOT: @MeshInstance3D@2787  type=MeshInstance3D children=1
FIXED ROOT: @MeshInstance3D@2789  type=MeshInstance3D children=1
FIXED ROOT: @MeshInstance3D@2791  type=MeshInstance3D children=1
FIXED ROOT: @MeshInstance3D@2793  type=MeshInstance3D children=1
FIXED ROOT: @MeshInstance3D@2795  type=MeshInstance3D children=1
FIXED ROOT: @MeshInstance3D@2797  type=MeshInstance3D children=1
FIXED ROOT: @MeshInstance3D@2799  type=MeshInstance3D children=1
FIXED ROOT: @MeshInstance3D@2801  type=MeshInstance3D children=1
FIXED ROOT: @MeshInstance3D@2803  type=MeshInstance3D children=1
FIXED ROOT: @MeshInstance3D@2805  type=MeshInstance3D children=1
FIXED ROOT: @MeshInstance3D@2807  type=MeshInstance3D children=1
FIXED ROOT: @MeshInstance3D@2809  type=MeshInstance3D children=1
FIXED ROOT: @MeshInstance3D@2811  type=MeshInstance3D children=1
FIXED ROOT: @MeshInstance3D@2813  type=MeshInstance3D children=1
FIXED ROOT: @MeshInstance3D@2815  type=MeshInstance3D children=1
FIXED ROOT: @MeshInstance3D@2817  type=MeshInstance3D children=1
FIXED ROOT: @MeshInstance3D@2819  type=MeshInstance3D children=1
FIXED ROOT: @MeshInstance3D@2821  type=MeshInstance3D children=1
FIXED ROOT: @MeshInstance3D@2823  type=MeshInstance3D children=1
FIXED ROOT: @MeshInstance3D@2825  type=MeshInstance3D children=1
FIXED ROOT: @MeshInstance3D@2827  type=MeshInstance3D children=1
FIXED ROOT: @MeshInstance3D@2829  type=MeshInstance3D children=1
FIXED ROOT: @MeshInstance3D@2831  type=MeshInstance3D children=1
FIXED ROOT: @MeshInstance3D@2833  type=MeshInstance3D children=1
FIXED ROOT: @MeshInstance3D@2835  type=MeshInstance3D children=1
FIXED ROOT: @MeshInstance3D@2837  type=MeshInstance3D children=1
FIXED ROOT: @MeshInstance3D@2839  type=MeshInstance3D children=1
FIXED ROOT: @MeshInstance3D@2841  type=MeshInstance3D children=1
FIXED ROOT: @MeshInstance3D@2843  type=MeshInstance3D children=1
FIXED ROOT: @MeshInstance3D@2845  type=MeshInstance3D children=1
FIXED ROOT: @MeshInstance3D@2847  type=MeshInstance3D children=1
FIXED ROOT: @MeshInstance3D@2849  type=MeshInstance3D children=1
FIXED ROOT: @MeshInstance3D@2851  type=MeshInstance3D children=1
FIXED ROOT: @MeshInstance3D@2853  type=MeshInstance3D children=1
FIXED ROOT: @MeshInstance3D@2855  type=MeshInstance3D children=1
FIXED ROOT: @MeshInstance3D@2857  type=MeshInstance3D children=1
FIXED ROOT: @MeshInstance3D@2859  type=MeshInstance3D children=1
FIXED ROOT: @MeshInstance3D@2861  type=MeshInstance3D children=1
FIXED ROOT: @MeshInstance3D@2863  type=MeshInstance3D children=1
FIXED ROOT: @MeshInstance3D@2865  type=MeshInstance3D children=1
FIXED ROOT: @MeshInstance3D@2867  type=MeshInstance3D children=1
FIXED ROOT: @MeshInstance3D@2869  type=MeshInstance3D children=1
FIXED ROOT: @MeshInstance3D@2871  type=MeshInstance3D children=1
FIXED ROOT: @MeshInstance3D@2873  type=MeshInstance3D children=1
FIXED ROOT: @MeshInstance3D@2875  type=MeshInstance3D children=1
FIXED ROOT: @MeshInstance3D@2877  type=MeshInstance3D children=1
FIXED ROOT: @MeshInstance3D@2879  type=MeshInstance3D children=1
FIXED ROOT: ChefMallow  type=Node3D children=11
FIXED ROOT: Berry  type=Node3D children=12
FIXED ROOT: Mint  type=Node3D children=12
FIXED ROOT: Coco  type=Node3D children=12
FIXED ROOT: CollectBatch0  type=Sprite3D children=0
FIXED ROOT: @Label3D@4110  type=Label3D children=0
FIXED ROOT: CollectBatch1  type=Sprite3D children=0
FIXED ROOT: @Label3D@4111  type=Label3D children=0
FIXED ROOT: CollectBatch2  type=Sprite3D children=0
FIXED ROOT: @Label3D@4112  type=Label3D children=0
FIXED ROOT: CollectBatch3  type=Sprite3D children=0
FIXED ROOT: @Label3D@4113  type=Label3D children=0
FIXED ROOT: CollectBatch4  type=Sprite3D children=0
FIXED ROOT: @Label3D@4114  type=Label3D children=0
FIXED ROOT: CollectBatch5  type=Sprite3D children=0
FIXED ROOT: @Label3D@4115  type=Label3D children=0
FIXED ROOT: CollectBatch6  type=Sprite3D children=0
FIXED ROOT: @Label3D@4116  type=Label3D children=0
FIXED ROOT: CollectBatch7  type=Sprite3D children=0
FIXED ROOT: @Label3D@4117  type=Label3D children=0
FIXED ROOT: CollectBatch8  type=Sprite3D children=0
FIXED ROOT: @Label3D@4118  type=Label3D children=0
FIXED ROOT: CollectBatch9  type=Sprite3D children=0
FIXED ROOT: @Label3D@4119  type=Label3D children=0
