Godot Engine v4.7.1.stable.official.a13da4feb - https://godotengine.org

ERROR: Failed to read the root certificate store.
   at: get_system_ca_certificates (platform/windows/os_windows.cpp:2582)
SCRIPT ERROR: Parse Error: Identifier "_resolving_action" not declared in the current scope.
   at: GDScript::reload (res://scripts/merge/merge_board.gd:148)
   GDScript backtrace (most recent call first):
       [0] run (res://tests/check_daily_board_progression.gd:55)
SCRIPT ERROR: Parse Error: Identifier "_resolving_action" not declared in the current scope.
   at: GDScript::reload (res://scripts/merge/merge_board.gd:163)
   GDScript backtrace (most recent call first):
       [0] run (res://tests/check_daily_board_progression.gd:55)
ERROR: Failed to load script "res://scripts/merge/merge_board.gd" with error "Parse error".
   at: load (modules/gdscript/gdscript_resource_format.cpp:46)
   GDScript backtrace (most recent call first):
       [0] run (res://tests/check_daily_board_progression.gd:55)
SCRIPT ERROR: Trying to assign value of type 'Control' to a variable of type 'merge_board.gd'.
   at: @implicit_ready (res://scripts/ui/regional_merge_game.gd:6)
   GDScript backtrace (most recent call first):
       [0] @implicit_ready (res://scripts/ui/regional_merge_game.gd:6)
       [1] run (res://tests/check_daily_board_progression.gd:56)
SCRIPT ERROR: Invalid access to property or key 'regional_objective_ids' on a base object of type 'Nil'.
   at: _build_objectives (res://scripts/ui/regional_merge_game.gd:39)
   GDScript backtrace (most recent call first):
       [0] _build_objectives (res://scripts/ui/regional_merge_game.gd:39)
       [1] _ready (res://scripts/ui/regional_merge_game.gd:18)
       [2] run (res://tests/check_daily_board_progression.gd:56)
SCRIPT ERROR: Invalid access to property or key 'board_changed' on a base object of type 'Nil'.
   at: _ready (res://scripts/ui/regional_merge_game.gd:23)
   GDScript backtrace (most recent call first):
       [0] _ready (res://scripts/ui/regional_merge_game.gd:23)
       [1] run (res://tests/check_daily_board_progression.gd:56)
SCRIPT ERROR: Invalid access to property or key 'selected_ingredients' on a base object of type 'Nil'.
   at: run (res://tests/check_daily_board_progression.gd:59)
   GDScript backtrace (most recent call first):
       [0] run (res://tests/check_daily_board_progression.gd:59)
