Godot Engine v4.7.1.stable.official.a13da4feb - https://godotengine.org

ERROR: Failed to read the root certificate store.
   at: get_system_ca_certificates (platform/windows/os_windows.cpp:2582)
Overlap at frame 2151 Berry exit (-24.87994, 0.14, -19.76) / Mint enter (-25.2, 0.14, -19.38)
ERROR: Customer did not complete a purchase cycle
   at: push_error (core/variant/variant_utility.cpp:1023)
   GDScript backtrace (most recent call first):
       [0] run (res://tests/check_customer_visits.gd:65)
ERROR: Customer did not complete a purchase cycle
   at: push_error (core/variant/variant_utility.cpp:1023)
   GDScript backtrace (most recent call first):
       [0] run (res://tests/check_customer_visits.gd:65)
ERROR: Customer did not complete a purchase cycle
   at: push_error (core/variant/variant_utility.cpp:1023)
   GDScript backtrace (most recent call first):
       [0] run (res://tests/check_customer_visits.gd:65)
ERROR: Customer did not complete a purchase cycle
   at: push_error (core/variant/variant_utility.cpp:1023)
   GDScript backtrace (most recent call first):
       [0] run (res://tests/check_customer_visits.gd:65)
Customer visits: 4 failures; closest separation 0.000; case intersections 0
