Godot Engine v4.7.1.stable.official.a13da4feb - https://godotengine.org

ERROR: Failed to read the root certificate store.
   at: get_system_ca_certificates (platform/windows/os_windows.cpp:2582)
Cafe machine flow: 0 failures
ot leave after patience expired with empty displays
   at: push_error (core/variant/variant_utility.cpp:1023)
   GDScript backtrace (most recent call first):
       [0] run (res://tests/check_customer_visits.gd:31)
ERROR: Customer did not complete repeated purchases
   at: push_error (core/variant/variant_utility.cpp:1023)
   GDScript backtrace (most recent call first):
       [0] run (res://tests/check_customer_visits.gd:56)
ERROR: Customer did not complete repeated purchases
   at: push_error (core/variant/variant_utility.cpp:1023)
   GDScript backtrace (most recent call first):
       [0] run (res://tests/check_customer_visits.gd:56)
ERROR: Customer did not complete repeated purchases
   at: push_error (core/variant/variant_utility.cpp:1023)
   GDScript backtrace (most recent call first):
       [0] run (res://tests/check_customer_visits.gd:56)
Customer visits: 4 failures; closest separation 0.560; case intersections 0
