Godot Engine v4.7.1.stable.official.a13da4feb - https://godotengine.org

SCRIPT ERROR: Compile Error: Identifier not found: CafeProgress
   at: GDScript::reload (res://scripts/merge/merge_board.gd:203)
SCRIPT ERROR: Compile Error: Failed to compile depended scripts.
   at: GDScript::reload (res://tests/check_board_input_flow.gd:0)
ERROR: Failed to load script "res://tests/check_board_input_flow.gd" with error "Compilation failed".
   at: load (modules/gdscript/gdscript_resource_format.cpp:46)
ERROR: Failed to read the root certificate store.
   at: get_system_ca_certificates (platform/windows/os_windows.cpp:2582)
SCRIPT ERROR: Invalid access to property or key 'board_changed' on a base object of type 'Control'.
   at: _ready (res://scripts/ui/cake_merge_game.gd:31)
   GDScript backtrace (most recent call first):
       [0] _ready (res://scripts/ui/cake_merge_game.gd:31)
       [1] run (res://tests/check_board_input_flow.gd:18)
ERROR: Node not found: "LandscapeLayout/BoardArea/MergeBoard" (relative to "/root/CakeMergeGame").
   at: get_node (scene/main/node.cpp:1975)
   GDScript backtrace (most recent call first):
       [0] run (res://tests/check_board_input_flow.gd:20)
SCRIPT ERROR: Invalid assignment of property or key 'persistence_enabled' with value of type 'bool' on a base object of type 'null instance'.
   at: run (res://tests/check_board_input_flow.gd:21)
   GDScript backtrace (most recent call first):
       [0] run (res://tests/check_board_input_flow.gd:21)
